// Jest Snapshot v1, https://goo.gl/fbAQLP

exports[`searchResults Duck Tests Action Generator clearSearchResults should match the snapshot 1`] = `
Object {
  "type": "modules/questionnaire-app/CLEAR_SEARCH_RESULTS",
}
`;

exports[`searchResults Duck Tests Action Generator setSearchResults should match the snapshot 1`] = `
Object {
  "data": Array [
    Object {
      "mockVariable": "mockValue",
    },
  ],
  "type": "modules/questionnaire-app/SET_SEARCH_RESULTS",
}
`;
