// Jest Snapshot v1, https://goo.gl/fbAQLP

exports[`Result Component should render correctly 1`] = `
<Fragment>
  <div
    className="card mt-3"
  >
    <div
      className="card-body"
    >
      <div
        className="result-heading"
      >
        We got your recommendation
      </div>
      <div
        className="result-sub-heading"
      >
        Based on your answers, this is what make sense for you and what you should pay.
      </div>
      <div
        className="card mt-2 mb-2"
        key="0"
      >
        <div
          className="card-body"
        >
          <div
            className="inner-content"
          >
            <div
              className="row-1"
            >
              mockType
            </div>
            <div
              className="row-1"
            >
              Â£
              100
               per 
              month
            </div>
          </div>
        </div>
      </div>
    </div>
  </div>
  <div
    className="action-buttons"
  >
    <button
      className="btn btn-primary"
      id="reset-button"
      onClick={[Function]}
      type="button"
    >
      Reset
    </button>
  </div>
</Fragment>
`;

exports[`Result Component should render correctly when loadingStatus is in Error 1`] = `
<div
  className="alert alert-danger"
  role="alert"
>
  There is an error, Please try again after sometime
</div>
`;

exports[`Result Component should render correctly when loadingStatus is in Progress 1`] = `
<div
  className="progress"
>
  <div
    aria-valuemax="100"
    aria-valuemin="0"
    aria-valuenow="25"
    className="progress-bar progress-bar-striped bg-success progress-bar"
    role="progressbar"
  />
</div>
`;
