// Jest Snapshot v1, https://goo.gl/fbAQLP

exports[`UserChildren Component should render correctly 1`] = `
<div
  className="card card-container"
>
  <div
    className="card-body"
  >
    <h5
      className="card-title"
    >
      Do you have any children ?
    </h5>
    <div
      className="form-check"
    >
      <input
        checked={true}
        className="form-check-input"
        name="children"
        onChange={[Function]}
        type="radio"
        value="yes"
      />
      <label
        className="form-check-label"
      >
        Yes
      </label>
    </div>
    <div
      className="form-check"
    >
      <input
        checked={false}
        className="form-check-input"
        name="children"
        onChange={[Function]}
        type="radio"
        value="no"
      />
      <label
        className="form-check-label"
      >
        No
      </label>
    </div>
    <div
      className="mt-5"
    >
      <h5
        className="card-title"
      >
         How many children do you have ?
      </h5>
      <div
        className="form-group"
      >
        <input
          className="form-control"
          id="children-number"
          onChange={[Function]}
          placeholder="No of Children"
          type="number"
          value={2}
        />
      </div>
    </div>
  </div>
</div>
`;
