// Jest Snapshot v1, https://goo.gl/fbAQLP

exports[`UserAddress Component should render correctly 1`] = `
<div
  className="card card-container"
>
  <div
    className="card-body"
  >
    <h5
      className="card-title"
    >
       What's your Address ?
    </h5>
    <div
      className="form-group"
    >
      <input
        className="form-control"
        id="UserAddress-required"
        onChange={[Function]}
        placeholder="User Address"
        type="text"
        value="mockAddress"
      />
    </div>
  </div>
</div>
`;
